#-----------------------------------------------------------
# Vivado v2018.3 (64-bit)
# SW Build 2405991 on Thu Dec  6 23:38:27 MST 2018
# IP Build 2404404 on Fri Dec  7 01:43:56 MST 2018
# Start of session at: Wed Apr 17 11:49:58 2019
# Process ID: 111528
# Current directory: C:/vivado/iic/iicdev
# Command line: vivado.exe -gui_launcher_event rodinguilauncherevent111376 C:\vivado\iic\iicdev\iicdev.xpr
# Log file: C:/vivado/iic/iicdev/vivado.log
# Journal file: C:/vivado/iic/iicdev\vivado.jou
#-----------------------------------------------------------
start_gui
open_project C:/vivado/iic/iicdev/iicdev.xpr
set_property SOURCE_SET sources_1 [get_filesets sim_iic_sdetect]
close [ open C:/vivado/iic/iicdev/iicdev.srcs/sim_iic_sdetect/new/sim_iic_control.v w ]
add_files -fileset sim_iic_sdetect C:/vivado/iic/iicdev/iicdev.srcs/sim_iic_sdetect/new/sim_iic_control.v
export_ip_user_files -of_objects  [get_files C:/vivado/iic/iicdev/iicdev.srcs/sim_iic_sdetect/new/sim_iic_control.v] -no_script -reset -force -quiet
remove_files  -fileset sim_iic_sdetect C:/vivado/iic/iicdev/iicdev.srcs/sim_iic_sdetect/new/sim_iic_control.v
file delete -force C:/vivado/iic/iicdev/iicdev.srcs/sim_iic_sdetect/new/sim_iic_control.v
create_fileset -simset sim_iic_control
set_property SOURCE_SET sources_1 [get_filesets sim_iic_control]
file mkdir C:/vivado/iic/iicdev/iicdev.srcs/sim_iic_control/new
close [ open C:/vivado/iic/iicdev/iicdev.srcs/sim_iic_control/new/sim_iic_control.sv w ]
add_files -fileset sim_iic_control C:/vivado/iic/iicdev/iicdev.srcs/sim_iic_control/new/sim_iic_control.sv
current_fileset -simset [ get_filesets sim_iic_control ]
current_fileset -simset [ get_filesets sim_iic_clock ]
launch_simulation -simset [get_filesets sim_iic_clock ]
launch_simulation -simset [get_filesets sim_iic_clock ]
launch_simulation -simset [get_filesets sim_iic_clock ]
open_wave_config C:/vivado/iic/iicdev/sim_iic_clock_behav.wcfg
source sim_iic_clock.tcl
restart
run 10 us
relaunch_sim
save_wave_config {C:/vivado/iic/iicdev/sim_iic_clock_behav.wcfg}
close_sim
close [ open C:/vivado/iic/iicdev/iicdev.srcs/sources_1/new/iic_regs.sv w ]
add_files C:/vivado/iic/iicdev/iicdev.srcs/sources_1/new/iic_regs.sv
current_fileset -simset [ get_filesets sim_iic_control ]
# Disabling source management mode.  This is to allow the top design properties to be set without GUI intervention.
set_property source_mgmt_mode None [current_project]
set_property top sim_iic_control [get_filesets sim_iic_control]
set_property top_lib xil_defaultlib [get_filesets sim_iic_control]
# Re-enabling previously disabled source management mode.
set_property source_mgmt_mode DisplayOnly [current_project]
launch_simulation -simset [get_filesets sim_iic_control ]
launch_simulation -simset [get_filesets sim_iic_control ]
launch_simulation -simset [get_filesets sim_iic_control ]
source sim_iic_control.tcl
relaunch_sim
relaunch_sim
run 10 us
relaunch_sim
relaunch_sim
relaunch_sim
relaunch_sim
run 10 us
run 10 us
current_wave_config {Untitled 1}
add_wave {{/sim_iic_control/regs/on}} {{/sim_iic_control/regs/start}} {{/sim_iic_control/regs/divider}} {{/sim_iic_control/regs/DIV_WIDTH}} 
current_wave_config {Untitled 1}
add_wave {{/sim_iic_control/sclk/clock_restart}} {{/sim_iic_control/sclk/clock_reset}} {{/sim_iic_control/sclk/clock_out_enable}} {{/sim_iic_control/sclk/clock_out}} {{/sim_iic_control/sclk/clock_done}} {{/sim_iic_control/sclk/clock_divider}} {{/sim_iic_control/sclk/WIDTH}} 
current_wave_config {Untitled 1}
add_wave {{/sim_iic_control/sgen/gen_start}} {{/sim_iic_control/sgen/gen_stop}} 
relaunch_sim
run 10 us
relaunch_sim
relaunch_sim
save_wave_config {C:/vivado/iic/iicdev/sim_iic_control_behav1.wcfg}
add_files -fileset sim_iic_control -norecurse C:/vivado/iic/iicdev/sim_iic_control_behav1.wcfg
set_property xsim.view C:/vivado/iic/iicdev/sim_iic_control_behav1.wcfg [get_filesets sim_iic_control]
close_sim
